// Jest Snapshot v1, https://goo.gl/fbAQLP

exports[`Enzyme tests should render Post according to snapshot 1`] = `
<Footer>
  <Post__Wrapper>
    <StyledComponent
      forwardedComponent={
        Object {
          "$$typeof": Symbol(react.forward_ref),
          "attrs": Array [],
          "componentStyle": ComponentStyle {
            "componentId": "Post__Wrapper-sc-1djb1k0-0",
            "isStatic": true,
            "lastClassName": "dJxJxi",
            "rules": Array [
              "background:#fff;border-radius:2px;display:flex;flex-direction:column;height:auto;margin:1rem 0;padding:1.5rem;position:relative;width:100%;box-shadow:0 1px 3px rgba(0,0,0,0.12),0 1px 2px rgba(0,0,0,0.24);transition:all 0.3s cubic-bezier(.25,.8,.25,1);img{object-fit:contain;}",
            ],
          },
          "displayName": "Post__Wrapper",
          "foldedComponentIds": Array [],
          "render": [Function],
          "styledComponentId": "Post__Wrapper-sc-1djb1k0-0",
          "target": "div",
          "toString": [Function],
          "warnTooManyClasses": [Function],
          "withComponent": [Function],
        }
      }
      forwardedRef={null}
    >
      <div
        className="Post__Wrapper-sc-1djb1k0-0 dJxJxi"
      >
        <Post__Title>
          <StyledComponent
            forwardedComponent={
              Object {
                "$$typeof": Symbol(react.forward_ref),
                "attrs": Array [],
                "componentStyle": ComponentStyle {
                  "componentId": "Post__Title-sc-1djb1k0-1",
                  "isStatic": true,
                  "lastClassName": "XedIj",
                  "rules": Array [
                    "display:flex;align-items:center;justify-content:space-between;margin-bottom:1rem;h3{margin-bottom:0;width:500px;white-space:nowrap;overflow:hidden;text-overflow:ellipsis;}span{font-size:.7rem;font-weight:bold;min-width:200px;text-align:right;}",
                  ],
                },
                "displayName": "Post__Title",
                "foldedComponentIds": Array [],
                "render": [Function],
                "styledComponentId": "Post__Title-sc-1djb1k0-1",
                "target": "div",
                "toString": [Function],
                "warnTooManyClasses": [Function],
                "withComponent": [Function],
              }
            }
            forwardedRef={null}
          >
            <div
              className="Post__Title-sc-1djb1k0-1 XedIj"
            >
              <h3 />
              <span />
            </div>
          </StyledComponent>
        </Post__Title>
        <img
          alt=""
          src="https://upply-interview.herokuapp.com/images/"
        />
        <p />
      </div>
    </StyledComponent>
  </Post__Wrapper>
</Footer>
`;
